// Jest Snapshot v1, https://goo.gl/fbAQLP

exports[`List component renders the UI of List as expected 1`] = `
<section
  className="List"
>
  <header
    className="List-header"
  >
    <h2>
      example header
    </h2>
  </header>
  <div
    className="List-cards"
  >
    <div
      className="Card"
    >
      <button
        type="button"
      >
        delete
      </button>
      <h3>
        exampleTitle
      </h3>
      <p>
        exampleContent
      </p>
    </div>
    <button
      className="List-add-button"
      type="button"
    >
      + Add Random Card
    </button>
  </div>
</section>
`;

exports[`renders the UI of List as expected 1`] = `
<section
  className="List"
>
  <header
    className="List-header"
  >
    <h2>
      example header
    </h2>
  </header>
  <div
    className="List-cards"
  >
    <div
      className="Card"
    >
      <button
        type="button"
      >
        delete
      </button>
      <h3>
        exampleTitle
      </h3>
      <p>
        exampleContent
      </p>
    </div>
    <button
      className="List-add-button"
      type="button"
    >
      + Add Random Card
    </button>
  </div>
</section>
`;
